{"a": 276772, "c": 202730, "b": 201005, "e": 194292, "d": 238262, "g": 259274, "f": 209971, "i": 168521, "h": 210484, "k": 183493, "j": 255338, "m": 240714, "l": 160496, "o": 211290, "n": 131280, "q": 208975, "p": 207621, "s": 191272, "r": 172549, "u": 139037, "t": 209297, "w": 151336, "v": 170298, "y": 164174, "x": 141146, "z": 171337}