{"a": 178272, "c": 159229, "b": 213076, "e": 194421, "d": 237405, "g": 219142, "f": 177988, "i": 229885, "h": 165735, "k": 196005, "j": 216167, "m": 188959, "l": 190597, "o": 239505, "n": 179810, "q": 157817, "p": 171285, "s": 125954, "r": 214610, "u": 188722, "t": 131308, "w": 197724, "v": 198572, "y": 132148, "x": 167198, "z": 194269}